current directory: /home/rails/telederma/current/vendor/bundle/ruby/2.3.0/gems/ffi-1.9.25/ext/ffi_c
/home/rails/.rbenv/versions/2.3.5/bin/ruby -r ./siteconf20190118-4584-1wxx9pu.rb extconf.rb
checking for ffi_call() in -lffi... yes
checking for ffi_closure_alloc()... yes
checking for ffi_raw_call()... yes
checking for ffi_prep_raw_closure()... yes
checking for shlwapi.h... no
checking for ruby/thread.h... yes
checking for rb_thread_blocking_region()... no
checking for rb_thread_call_with_gvl()... yes
checking for rb_thread_call_without_gvl()... yes
checking for ffi_prep_cif_var()... yes
creating extconf.h
creating Makefile

To see why this extension failed to compile, please check the mkmf.log which can be found here:

  /home/rails/telederma/current/vendor/bundle/ruby/2.3.0/extensions/x86_64-linux/2.3.0-static/ffi-1.9.25/mkmf.log

current directory: /home/rails/telederma/current/vendor/bundle/ruby/2.3.0/gems/ffi-1.9.25/ext/ffi_c
make "DESTDIR=" clean

current directory: /home/rails/telederma/current/vendor/bundle/ruby/2.3.0/gems/ffi-1.9.25/ext/ffi_c
make "DESTDIR="
compiling StructLayout.c
compiling StructByReference.c
compiling Type.c
compiling Buffer.c
compiling Types.c
compiling MemoryPointer.c
compiling ffi.c
compiling FunctionInfo.c
compiling StructByValue.c
compiling MethodHandle.c
compiling DataConverter.c
compiling AbstractMemory.c
compiling Pointer.c
compiling Platform.c
compiling Call.c
compiling Variadic.c
compiling LastError.c
compiling DynamicLibrary.c
compiling Thread.c
compiling Struct.c
compiling MappedType.c
compiling ClosurePool.c
compiling Function.c
compiling ArrayType.c
compiling LongDouble.c
linking shared-object ffi_c.so

current directory: /home/rails/telederma/current/vendor/bundle/ruby/2.3.0/gems/ffi-1.9.25/ext/ffi_c
make "DESTDIR=" install
/usr/bin/install -c -m 0755 ffi_c.so ./.gem.20190118-4584-52uwq6
