current directory: /home/rails/telederma/current/vendor/bundle/ruby/2.3.0/gems/puma-3.12.0/ext/puma_http11
/home/rails/.rbenv/versions/2.3.5/bin/ruby -r ./siteconf20190118-4584-hj05jd.rb extconf.rb
checking for BIO_read() in -lcrypto... no
checking for BIO_read() in -llibeay32... no
creating Makefile

To see why this extension failed to compile, please check the mkmf.log which can be found here:

  /home/rails/telederma/current/vendor/bundle/ruby/2.3.0/extensions/x86_64-linux/2.3.0-static/puma-3.12.0/mkmf.log

current directory: /home/rails/telederma/current/vendor/bundle/ruby/2.3.0/gems/puma-3.12.0/ext/puma_http11
make "DESTDIR=" clean

current directory: /home/rails/telederma/current/vendor/bundle/ruby/2.3.0/gems/puma-3.12.0/ext/puma_http11
make "DESTDIR="
compiling http11_parser.c
ext/puma_http11/http11_parser.c: In function 'puma_parser_execute':
ext/puma_http11/http11_parser.rl:38:5: warning: this statement may fall through [-Wimplicit-fallthrough=]
ext/puma_http11/http11_parser.rl:40:1: note: here
ext/puma_http11/http11_parser.rl:53:5: warning: this statement may fall through [-Wimplicit-fallthrough=]
ext/puma_http11/http11_parser.rl:55:1: note: here
ext/puma_http11/http11_parser.rl:38:5: warning: this statement may fall through [-Wimplicit-fallthrough=]
ext/puma_http11/http11_parser.rl:40:1: note: here
ext/puma_http11/http11_parser.rl:56:5: warning: this statement may fall through [-Wimplicit-fallthrough=]
ext/puma_http11/http11_parser.rl:58:1: note: here
ext/puma_http11/http11_parser.rl:38:5: warning: this statement may fall through [-Wimplicit-fallthrough=]
ext/puma_http11/http11_parser.rl:40:1: note: here
ext/puma_http11/http11_parser.c:245:5: warning: this statement may fall through [-Wimplicit-fallthrough=]
ext/puma_http11/http11_parser.c:247:1: note: here
ext/puma_http11/http11_parser.c:252:5: warning: this statement may fall through [-Wimplicit-fallthrough=]
ext/puma_http11/http11_parser.c:254:1: note: here
ext/puma_http11/http11_parser.c:259:5: warning: this statement may fall through [-Wimplicit-fallthrough=]
ext/puma_http11/http11_parser.c:261:1: note: here
ext/puma_http11/http11_parser.c:266:5: warning: this statement may fall through [-Wimplicit-fallthrough=]
ext/puma_http11/http11_parser.c:268:1: note: here
ext/puma_http11/http11_parser.c:273:5: warning: this statement may fall through [-Wimplicit-fallthrough=]
ext/puma_http11/http11_parser.c:275:1: note: here
ext/puma_http11/http11_parser.c:282:5: warning: this statement may fall through [-Wimplicit-fallthrough=]
ext/puma_http11/http11_parser.c:284:1: note: here
ext/puma_http11/http11_parser.c:289:5: warning: this statement may fall through [-Wimplicit-fallthrough=]
ext/puma_http11/http11_parser.c:291:1: note: here
ext/puma_http11/http11_parser.rl:50:5: warning: this statement may fall through [-Wimplicit-fallthrough=]
ext/puma_http11/http11_parser.rl:52:1: note: here
ext/puma_http11/http11_parser.c:326:5: warning: this statement may fall through [-Wimplicit-fallthrough=]
ext/puma_http11/http11_parser.c:328:1: note: here
ext/puma_http11/http11_parser.c:354:5: warning: this statement may fall through [-Wimplicit-fallthrough=]
ext/puma_http11/http11_parser.c:356:1: note: here
ext/puma_http11/http11_parser.rl:42:5: warning: this statement may fall through [-Wimplicit-fallthrough=]
ext/puma_http11/http11_parser.rl:44:1: note: here
ext/puma_http11/http11_parser.rl:47:5: warning: this statement may fall through [-Wimplicit-fallthrough=]
ext/puma_http11/http11_parser.rl:49:1: note: here
ext/puma_http11/http11_parser.rl:47:5: warning: this statement may fall through [-Wimplicit-fallthrough=]
ext/puma_http11/http11_parser.rl:49:1: note: here
ext/puma_http11/http11_parser.rl:56:5: warning: this statement may fall through [-Wimplicit-fallthrough=]
ext/puma_http11/http11_parser.rl:58:1: note: here
ext/puma_http11/http11_parser.rl:38:5: warning: this statement may fall through [-Wimplicit-fallthrough=]
ext/puma_http11/http11_parser.rl:40:1: note: here
ext/puma_http11/http11_parser.rl:38:5: warning: this statement may fall through [-Wimplicit-fallthrough=]
ext/puma_http11/http11_parser.rl:40:1: note: here
ext/puma_http11/http11_parser.rl:38:5: warning: this statement may fall through [-Wimplicit-fallthrough=]
ext/puma_http11/http11_parser.rl:40:1: note: here
ext/puma_http11/http11_parser.rl:38:5: warning: this statement may fall through [-Wimplicit-fallthrough=]
ext/puma_http11/http11_parser.rl:40:1: note: here
ext/puma_http11/http11_parser.rl:72:5: warning: this statement may fall through [-Wimplicit-fallthrough=]
ext/puma_http11/http11_parser.rl:74:1: note: here
ext/puma_http11/http11_parser.rl:72:5: warning: this statement may fall through [-Wimplicit-fallthrough=]
ext/puma_http11/http11_parser.rl:74:1: note: here
ext/puma_http11/http11_parser.rl:61:5: warning: this statement may fall through [-Wimplicit-fallthrough=]
ext/puma_http11/http11_parser.rl:63:1: note: here
ext/puma_http11/http11_parser.c:654:5: warning: this statement may fall through [-Wimplicit-fallthrough=]
ext/puma_http11/http11_parser.c:656:1: note: here
ext/puma_http11/http11_parser.c:672:5: warning: this statement may fall through [-Wimplicit-fallthrough=]
ext/puma_http11/http11_parser.c:674:1: note: here
ext/puma_http11/http11_parser.c:690:5: warning: this statement may fall through [-Wimplicit-fallthrough=]
ext/puma_http11/http11_parser.c:692:1: note: here
ext/puma_http11/http11_parser.c:708:5: warning: this statement may fall through [-Wimplicit-fallthrough=]
ext/puma_http11/http11_parser.c:710:1: note: here
ext/puma_http11/http11_parser.c:726:5: warning: this statement may fall through [-Wimplicit-fallthrough=]
ext/puma_http11/http11_parser.c:728:1: note: here
ext/puma_http11/http11_parser.c:744:5: warning: this statement may fall through [-Wimplicit-fallthrough=]
ext/puma_http11/http11_parser.c:746:1: note: here
ext/puma_http11/http11_parser.c:762:5: warning: this statement may fall through [-Wimplicit-fallthrough=]
ext/puma_http11/http11_parser.c:764:1: note: here
ext/puma_http11/http11_parser.c:780:5: warning: this statement may fall through [-Wimplicit-fallthrough=]
ext/puma_http11/http11_parser.c:782:1: note: here
ext/puma_http11/http11_parser.c:798:5: warning: this statement may fall through [-Wimplicit-fallthrough=]
ext/puma_http11/http11_parser.c:800:1: note: here
ext/puma_http11/http11_parser.c:816:5: warning: this statement may fall through [-Wimplicit-fallthrough=]
ext/puma_http11/http11_parser.c:818:1: note: here
ext/puma_http11/http11_parser.c:834:5: warning: this statement may fall through [-Wimplicit-fallthrough=]
ext/puma_http11/http11_parser.c:836:1: note: here
ext/puma_http11/http11_parser.c:852:5: warning: this statement may fall through [-Wimplicit-fallthrough=]
ext/puma_http11/http11_parser.c:854:1: note: here
ext/puma_http11/http11_parser.c:870:5: warning: this statement may fall through [-Wimplicit-fallthrough=]
ext/puma_http11/http11_parser.c:872:1: note: here
ext/puma_http11/http11_parser.c:888:5: warning: this statement may fall through [-Wimplicit-fallthrough=]
ext/puma_http11/http11_parser.c:890:1: note: here
ext/puma_http11/http11_parser.c:906:5: warning: this statement may fall through [-Wimplicit-fallthrough=]
ext/puma_http11/http11_parser.c:908:1: note: here
ext/puma_http11/http11_parser.c:924:5: warning: this statement may fall through [-Wimplicit-fallthrough=]
ext/puma_http11/http11_parser.c:926:1: note: here
ext/puma_http11/http11_parser.c:942:5: warning: this statement may fall through [-Wimplicit-fallthrough=]
ext/puma_http11/http11_parser.c:944:1: note: here
ext/puma_http11/http11_parser.c:960:5: warning: this statement may fall through [-Wimplicit-fallthrough=]
ext/puma_http11/http11_parser.c:962:1: note: here
ext/puma_http11/http11_parser.c:978:5: warning: this statement may fall through [-Wimplicit-fallthrough=]
ext/puma_http11/http11_parser.c:980:1: note: here
compiling mini_ssl.c
compiling puma_http11.c
compiling io_buffer.c
linking shared-object puma/puma_http11.so

current directory: /home/rails/telederma/current/vendor/bundle/ruby/2.3.0/gems/puma-3.12.0/ext/puma_http11
make "DESTDIR=" install
/usr/bin/install -c -m 0755 puma_http11.so ./.gem.20190118-4584-5f2wde/puma
