have_library: checking for BIO_read() in -lcrypto... -------------------- no

"gcc -o conftest -I/home/rails/.rbenv/versions/2.3.5/include/ruby-2.3.0/x86_64-linux -I/home/rails/.rbenv/versions/2.3.5/include/ruby-2.3.0/ruby/backward -I/home/rails/.rbenv/versions/2.3.5/include/ruby-2.3.0 -I. -I/home/rails/.rbenv/versions/2.3.5/include     -O3 -fno-fast-math -ggdb3 -Wall -Wextra -Wno-unused-parameter -Wno-parentheses -Wno-long-long -Wno-missing-field-initializers -Wunused-variable -Wpointer-arith -Wwrite-strings -Wdeclaration-after-statement -Wimplicit-function-declaration -Wdeprecated-declarations -Wno-packed-bitfield-compat conftest.c  -L. -L/home/rails/.rbenv/versions/2.3.5/lib -Wl,-rpath,/home/rails/.rbenv/versions/2.3.5/lib -L. -L/home/rails/.rbenv/versions/2.3.5/lib  -fstack-protector -rdynamic -Wl,-export-dynamic     -Wl,-rpath,/home/rails/.rbenv/versions/2.3.5/lib -L/home/rails/.rbenv/versions/2.3.5/lib -lruby-static  -lpthread -lgmp -ldl -lcrypt -lm   -lc"
checked program was:
/* begin */
1: #include "ruby.h"
2: 
3: int main(int argc, char **argv)
4: {
5:   return 0;
6: }
/* end */

"gcc -o conftest -I/home/rails/.rbenv/versions/2.3.5/include/ruby-2.3.0/x86_64-linux -I/home/rails/.rbenv/versions/2.3.5/include/ruby-2.3.0/ruby/backward -I/home/rails/.rbenv/versions/2.3.5/include/ruby-2.3.0 -I. -I/home/rails/.rbenv/versions/2.3.5/include     -O3 -fno-fast-math -ggdb3 -Wall -Wextra -Wno-unused-parameter -Wno-parentheses -Wno-long-long -Wno-missing-field-initializers -Wunused-variable -Wpointer-arith -Wwrite-strings -Wdeclaration-after-statement -Wimplicit-function-declaration -Wdeprecated-declarations -Wno-packed-bitfield-compat conftest.c  -L. -L/home/rails/.rbenv/versions/2.3.5/lib -Wl,-rpath,/home/rails/.rbenv/versions/2.3.5/lib -L. -L/home/rails/.rbenv/versions/2.3.5/lib  -fstack-protector -rdynamic -Wl,-export-dynamic     -Wl,-rpath,/home/rails/.rbenv/versions/2.3.5/lib -L/home/rails/.rbenv/versions/2.3.5/lib -lruby-static -lcrypto  -lpthread -lgmp -ldl -lcrypt -lm   -lc"
conftest.c: In function 't':
conftest.c:13:57: error: 'BIO_read' undeclared (first use in this function); did you mean 'pread'?
 int t(void) { void ((*volatile p)()); p = (void ((*)()))BIO_read; return !p; }
                                                         ^~~~~~~~
                                                         pread
conftest.c:13:57: note: each undeclared identifier is reported only once for each function it appears in
checked program was:
/* begin */
 1: #include "ruby.h"
 2: 
 3: /*top*/
 4: extern int t(void);
 5: int main(int argc, char **argv)
 6: {
 7:   if (argc > 1000000) {
 8:     printf("%p", &t);
 9:   }
10: 
11:   return 0;
12: }
13: int t(void) { void ((*volatile p)()); p = (void ((*)()))BIO_read; return !p; }
/* end */

"gcc -o conftest -I/home/rails/.rbenv/versions/2.3.5/include/ruby-2.3.0/x86_64-linux -I/home/rails/.rbenv/versions/2.3.5/include/ruby-2.3.0/ruby/backward -I/home/rails/.rbenv/versions/2.3.5/include/ruby-2.3.0 -I. -I/home/rails/.rbenv/versions/2.3.5/include     -O3 -fno-fast-math -ggdb3 -Wall -Wextra -Wno-unused-parameter -Wno-parentheses -Wno-long-long -Wno-missing-field-initializers -Wunused-variable -Wpointer-arith -Wwrite-strings -Wdeclaration-after-statement -Wimplicit-function-declaration -Wdeprecated-declarations -Wno-packed-bitfield-compat conftest.c  -L. -L/home/rails/.rbenv/versions/2.3.5/lib -Wl,-rpath,/home/rails/.rbenv/versions/2.3.5/lib -L. -L/home/rails/.rbenv/versions/2.3.5/lib  -fstack-protector -rdynamic -Wl,-export-dynamic     -Wl,-rpath,/home/rails/.rbenv/versions/2.3.5/lib -L/home/rails/.rbenv/versions/2.3.5/lib -lruby-static -lcrypto  -lpthread -lgmp -ldl -lcrypt -lm   -lc"
/usr/bin/x86_64-linux-gnu-ld: cannot find -lcrypto
collect2: error: ld returned 1 exit status
checked program was:
/* begin */
 1: #include "ruby.h"
 2: 
 3: /*top*/
 4: extern int t(void);
 5: int main(int argc, char **argv)
 6: {
 7:   if (argc > 1000000) {
 8:     printf("%p", &t);
 9:   }
10: 
11:   return 0;
12: }
13: extern void BIO_read();
14: int t(void) { BIO_read(); return 0; }
/* end */

--------------------

have_library: checking for BIO_read() in -llibeay32... -------------------- no

"gcc -o conftest -I/home/rails/.rbenv/versions/2.3.5/include/ruby-2.3.0/x86_64-linux -I/home/rails/.rbenv/versions/2.3.5/include/ruby-2.3.0/ruby/backward -I/home/rails/.rbenv/versions/2.3.5/include/ruby-2.3.0 -I. -I/home/rails/.rbenv/versions/2.3.5/include     -O3 -fno-fast-math -ggdb3 -Wall -Wextra -Wno-unused-parameter -Wno-parentheses -Wno-long-long -Wno-missing-field-initializers -Wunused-variable -Wpointer-arith -Wwrite-strings -Wdeclaration-after-statement -Wimplicit-function-declaration -Wdeprecated-declarations -Wno-packed-bitfield-compat conftest.c  -L. -L/home/rails/.rbenv/versions/2.3.5/lib -Wl,-rpath,/home/rails/.rbenv/versions/2.3.5/lib -L. -L/home/rails/.rbenv/versions/2.3.5/lib  -fstack-protector -rdynamic -Wl,-export-dynamic     -Wl,-rpath,/home/rails/.rbenv/versions/2.3.5/lib -L/home/rails/.rbenv/versions/2.3.5/lib -lruby-static -llibeay32  -lpthread -lgmp -ldl -lcrypt -lm   -lc"
conftest.c: In function 't':
conftest.c:13:57: error: 'BIO_read' undeclared (first use in this function); did you mean 'pread'?
 int t(void) { void ((*volatile p)()); p = (void ((*)()))BIO_read; return !p; }
                                                         ^~~~~~~~
                                                         pread
conftest.c:13:57: note: each undeclared identifier is reported only once for each function it appears in
checked program was:
/* begin */
 1: #include "ruby.h"
 2: 
 3: /*top*/
 4: extern int t(void);
 5: int main(int argc, char **argv)
 6: {
 7:   if (argc > 1000000) {
 8:     printf("%p", &t);
 9:   }
10: 
11:   return 0;
12: }
13: int t(void) { void ((*volatile p)()); p = (void ((*)()))BIO_read; return !p; }
/* end */

"gcc -o conftest -I/home/rails/.rbenv/versions/2.3.5/include/ruby-2.3.0/x86_64-linux -I/home/rails/.rbenv/versions/2.3.5/include/ruby-2.3.0/ruby/backward -I/home/rails/.rbenv/versions/2.3.5/include/ruby-2.3.0 -I. -I/home/rails/.rbenv/versions/2.3.5/include     -O3 -fno-fast-math -ggdb3 -Wall -Wextra -Wno-unused-parameter -Wno-parentheses -Wno-long-long -Wno-missing-field-initializers -Wunused-variable -Wpointer-arith -Wwrite-strings -Wdeclaration-after-statement -Wimplicit-function-declaration -Wdeprecated-declarations -Wno-packed-bitfield-compat conftest.c  -L. -L/home/rails/.rbenv/versions/2.3.5/lib -Wl,-rpath,/home/rails/.rbenv/versions/2.3.5/lib -L. -L/home/rails/.rbenv/versions/2.3.5/lib  -fstack-protector -rdynamic -Wl,-export-dynamic     -Wl,-rpath,/home/rails/.rbenv/versions/2.3.5/lib -L/home/rails/.rbenv/versions/2.3.5/lib -lruby-static -llibeay32  -lpthread -lgmp -ldl -lcrypt -lm   -lc"
/usr/bin/x86_64-linux-gnu-ld: cannot find -llibeay32
collect2: error: ld returned 1 exit status
checked program was:
/* begin */
 1: #include "ruby.h"
 2: 
 3: /*top*/
 4: extern int t(void);
 5: int main(int argc, char **argv)
 6: {
 7:   if (argc > 1000000) {
 8:     printf("%p", &t);
 9:   }
10: 
11:   return 0;
12: }
13: extern void BIO_read();
14: int t(void) { BIO_read(); return 0; }
/* end */

--------------------

